0 verbose cli C:\Program Files\nodejs\node.exe C:\Users\Rakesh\AppData\Roaming\npm\node_modules\npm\bin\npm-cli.js
1 info using npm@9.9.4
2 info using node@v22.13.1
3 timing npm:load:whichnode Completed in 4ms
4 timing config:load:defaults Completed in 3ms
5 timing config:load:file:C:\Users\Rakesh\AppData\Roaming\npm\node_modules\npm\npmrc Completed in 3ms
6 timing config:load:builtin Completed in 4ms
7 timing config:load:cli Completed in 1ms
8 timing config:load:env Completed in 1ms
9 timing config:load:file:F:\Project-Management\client\.npmrc Completed in 1ms
10 timing config:load:project Completed in 2ms
11 timing config:load:file:C:\Users\Rakesh\.npmrc Completed in 0ms
12 timing config:load:user Completed in 0ms
13 timing config:load:file:C:\Users\Rakesh\AppData\Roaming\npm\etc\npmrc Completed in 0ms
14 timing config:load:global Completed in 0ms
15 timing config:load:setEnvs Completed in 2ms
16 timing config:load Completed in 14ms
17 timing npm:load:configload Completed in 14ms
18 timing config:load:flatten Completed in 2ms
19 timing npm:load:mkdirpcache Completed in 0ms
20 timing npm:load:mkdirplogs Completed in 1ms
21 verbose title npm install @clerk/clerk-react
22 verbose argv "install" "@clerk/clerk-react"
23 timing npm:load:setTitle Completed in 0ms
24 timing npm:load:display Completed in 1ms
25 verbose logfile logs-max:10 dir:F:\Project-Management\client\.npm-cache\_logs\2026-05-19T05_26_14_866Z-
26 verbose logfile F:\Project-Management\client\.npm-cache\_logs\2026-05-19T05_26_14_866Z-debug-0.log
27 timing npm:load:logFile Completed in 9ms
28 timing npm:load:timers Completed in 0ms
29 timing npm:load:configScope Completed in 0ms
30 timing npm:load Completed in 42ms
31 timing arborist:ctor Completed in 1ms
32 silly logfile done cleaning log files
33 timing idealTree:init Completed in 115ms
34 timing idealTree:userRequests Completed in 2ms
35 silly idealTree buildDeps
36 silly fetch manifest @clerk/clerk-react@*
37 timing arborist:ctor Completed in 0ms
38 http fetch GET 200 https://registry.npmjs.org/@clerk%2fclerk-react 2103ms (cache miss)
39 silly fetch manifest react@^19.1.1
40 http fetch GET 200 https://registry.npmjs.org/react 113ms (cache revalidated)
41 silly fetch manifest react-dom@^19.1.1
42 http fetch GET 200 https://registry.npmjs.org/react-dom 109ms (cache revalidated)
43 silly placeDep ROOT @clerk/clerk-react@5.61.3 OK for: project-management@0.0.0 want: *
44 silly fetch manifest @clerk/shared@^3.47.2
45 http fetch GET 200 https://registry.npmjs.org/@clerk%2fshared 832ms (cache revalidated)
46 timing idealTree:#root Completed in 3336ms
47 silly fetch manifest react@^18.0.0 || ~19.0.3 || ~19.1.4 || ~19.2.3 || ~19.3.0-0
48 silly fetch manifest react-dom@^18.0.0 || ~19.0.3 || ~19.1.4 || ~19.2.3 || ~19.3.0-0
49 silly placeDep node_modules/@clerk/clerk-react @clerk/shared@3.47.5 OK for: @clerk/clerk-react@5.61.3 want: ^3.47.2
50 silly fetch manifest swr@2.3.4
51 http fetch GET 200 https://registry.npmjs.org/swr 367ms (cache miss)
52 timing idealTree:node_modules/@clerk/clerk-react Completed in 375ms
53 silly placeDep ROOT swr@2.3.4 OK for: @clerk/shared@3.47.5 want: 2.3.4
54 timing idealTree:node_modules/@clerk/clerk-react/node_modules/@clerk/shared Completed in 4ms
55 timing idealTree:node_modules/swr Completed in 0ms
56 timing idealTree:buildDeps Completed in 3717ms
57 timing idealTree:fixDepFlags Completed in 1ms
58 timing idealTree Completed in 3839ms
59 timing reify:loadTrees Completed in 3841ms
60 timing reify:diffTrees Completed in 4ms
61 silly reify moves {}
62 timing reify:retireShallow Completed in 0ms
63 timing reify:createSparse Completed in 3ms
64 timing reify:loadBundles Completed in 0ms
65 silly audit bulk request {
65 silly audit   '@babel/code-frame': [ '7.27.1' ],
65 silly audit   '@babel/compat-data': [ '7.28.4' ],
65 silly audit   '@babel/core': [ '7.28.4' ],
65 silly audit   '@babel/generator': [ '7.28.3' ],
65 silly audit   '@babel/helper-compilation-targets': [ '7.27.2' ],
65 silly audit   '@babel/helper-globals': [ '7.28.0' ],
65 silly audit   '@babel/helper-module-imports': [ '7.27.1' ],
65 silly audit   '@babel/helper-module-transforms': [ '7.28.3' ],
65 silly audit   '@babel/helper-plugin-utils': [ '7.27.1' ],
65 silly audit   '@babel/helper-string-parser': [ '7.27.1' ],
65 silly audit   '@babel/helper-validator-identifier': [ '7.27.1' ],
65 silly audit   '@babel/helper-validator-option': [ '7.27.1' ],
65 silly audit   '@babel/helpers': [ '7.28.4' ],
65 silly audit   '@babel/parser': [ '7.28.4' ],
65 silly audit   '@babel/plugin-transform-react-jsx-self': [ '7.27.1' ],
65 silly audit   '@babel/plugin-transform-react-jsx-source': [ '7.27.1' ],
65 silly audit   '@babel/template': [ '7.27.2' ],
65 silly audit   '@babel/traverse': [ '7.28.4' ],
65 silly audit   '@babel/types': [ '7.28.4' ],
65 silly audit   '@clerk/react': [ '6.6.6' ],
65 silly audit   '@clerk/shared': [ '4.12.2', '3.47.5' ],
65 silly audit   '@esbuild/win32-x64': [ '0.25.10' ],
65 silly audit   '@eslint-community/eslint-utils': [ '4.9.0' ],
65 silly audit   'eslint-visitor-keys': [ '3.4.3', '4.2.1' ],
65 silly audit   '@eslint-community/regexpp': [ '4.12.1' ],
65 silly audit   '@eslint/config-array': [ '0.21.0' ],
65 silly audit   '@eslint/config-helpers': [ '0.4.0' ],
65 silly audit   '@eslint/core': [ '0.16.0' ],
65 silly audit   '@eslint/eslintrc': [ '3.3.1' ],
65 silly audit   globals: [ '14.0.0', '16.4.0' ],
65 silly audit   '@eslint/js': [ '9.37.0' ],
65 silly audit   '@eslint/object-schema': [ '2.1.6' ],
65 silly audit   '@eslint/plugin-kit': [ '0.4.0' ],
65 silly audit   '@humanfs/core': [ '0.19.1' ],
65 silly audit   '@humanfs/node': [ '0.16.7' ],
65 silly audit   '@humanwhocodes/module-importer': [ '1.0.1' ],
65 silly audit   '@humanwhocodes/retry': [ '0.4.3' ],
65 silly audit   '@isaacs/fs-minipass': [ '4.0.1' ],
65 silly audit   '@jridgewell/gen-mapping': [ '0.3.13' ],
65 silly audit   '@jridgewell/remapping': [ '2.3.5' ],
65 silly audit   '@jridgewell/resolve-uri': [ '3.1.2' ],
65 silly audit   '@jridgewell/sourcemap-codec': [ '1.5.5' ],
65 silly audit   '@jridgewell/trace-mapping': [ '0.3.31' ],
65 silly audit   '@reduxjs/toolkit': [ '2.9.0' ],
65 silly audit   '@rolldown/pluginutils': [ '1.0.0-beta.38' ],
65 silly audit   '@rollup/rollup-win32-x64-gnu': [ '4.52.4' ],
65 silly audit   '@rollup/rollup-win32-x64-msvc': [ '4.52.4' ],
65 silly audit   '@standard-schema/spec': [ '1.0.0' ],
65 silly audit   '@standard-schema/utils': [ '0.3.0' ],
65 silly audit   '@tailwindcss/node': [ '4.1.14' ],
65 silly audit   '@tailwindcss/oxide': [ '4.1.14' ],
65 silly audit   '@tailwindcss/oxide-win32-x64-msvc': [ '4.1.14' ],
65 silly audit   '@tailwindcss/vite': [ '4.1.14' ],
65 silly audit   '@tanstack/query-core': [ '5.100.11' ],
65 silly audit   '@types/babel__core': [ '7.20.5' ],
65 silly audit   '@types/babel__generator': [ '7.27.0' ],
65 silly audit   '@types/babel__template': [ '7.4.4' ],
65 silly audit   '@types/babel__traverse': [ '7.28.0' ],
65 silly audit   '@types/d3-array': [ '3.2.2' ],
65 silly audit   '@types/d3-color': [ '3.1.3' ],
65 silly audit   '@types/d3-ease': [ '3.0.2' ],
65 silly audit   '@types/d3-interpolate': [ '3.0.4' ],
65 silly audit   '@types/d3-path': [ '3.1.1' ],
65 silly audit   '@types/d3-scale': [ '4.0.9' ],
65 silly audit   '@types/d3-shape': [ '3.1.7' ],
65 silly audit   '@types/d3-time': [ '3.0.4' ],
65 silly audit   '@types/d3-timer': [ '3.0.2' ],
65 silly audit   '@types/estree': [ '1.0.8' ],
65 silly audit   '@types/json-schema': [ '7.0.15' ],
65 silly audit   '@types/react': [ '19.2.2' ],
65 silly audit   '@types/react-dom': [ '19.2.1' ],
65 silly audit   '@types/use-sync-external-store': [ '0.0.6' ],
65 silly audit   '@vitejs/plugin-react': [ '5.0.4' ],
65 silly audit   acorn: [ '8.15.0' ],
65 silly audit   'acorn-jsx': [ '5.3.2' ],
65 silly audit   ajv: [ '6.12.6' ],
65 silly audit   'ansi-styles': [ '4.3.0' ],
65 silly audit   argparse: [ '2.0.1' ],
65 silly audit   'balanced-match': [ '1.0.2' ],
65 silly audit   'baseline-browser-mapping': [ '2.8.16' ],
65 silly audit   'brace-expansion': [ '1.1.12' ],
65 silly audit   browserslist: [ '4.26.3' ],
65 silly audit   callsites: [ '3.1.0' ],
65 silly audit   'caniuse-lite': [ '1.0.30001750' ],
65 silly audit   chalk: [ '4.1.2' ],
65 silly audit   chownr: [ '3.0.0' ],
65 silly audit   clsx: [ '2.1.1' ],
65 silly audit   'color-convert': [ '2.0.1' ],
65 silly audit   'color-name': [ '1.1.4' ],
65 silly audit   'concat-map': [ '0.0.1' ],
65 silly audit   'convert-source-map': [ '2.0.0' ],
65 silly audit   cookie: [ '1.0.2' ],
65 silly audit   'cross-spawn': [ '7.0.6' ],
65 silly audit   csstype: [ '3.1.3' ],
65 silly audit   'd3-array': [ '3.2.4' ],
65 silly audit   'd3-color': [ '3.1.0' ],
65 silly audit   'd3-ease': [ '3.0.1' ],
65 silly audit   'd3-format': [ '3.1.0' ],
65 silly audit   'd3-interpolate': [ '3.0.1' ],
65 silly audit   'd3-path': [ '3.1.0' ],
65 silly audit   'd3-scale': [ '4.0.2' ],
65 silly audit   'd3-shape': [ '3.2.0' ],
65 silly audit   'd3-time': [ '3.1.0' ],
65 silly audit   'd3-time-format': [ '4.1.0' ],
65 silly audit   'd3-timer': [ '3.0.1' ],
65 silly audit   'date-fns': [ '4.1.0' ],
65 silly audit   debug: [ '4.4.3' ],
65 silly audit   'decimal.js-light': [ '2.5.1' ],
65 silly audit   'deep-is': [ '0.1.4' ],
65 silly audit   dequal: [ '2.0.3' ],
65 silly audit   'detect-libc': [ '2.1.2' ],
65 silly audit   'electron-to-chromium': [ '1.5.234' ],
65 silly audit   'enhanced-resolve': [ '5.18.3' ],
65 silly audit   'es-toolkit': [ '1.40.0' ],
65 silly audit   esbuild: [ '0.25.10' ],
65 silly audit   escalade: [ '3.2.0' ],
65 silly audit   'escape-string-regexp': [ '4.0.0' ],
65 silly audit   eslint: [ '9.37.0' ],
65 silly audit   'eslint-plugin-react-hooks': [ '5.2.0' ],
65 silly audit   'eslint-plugin-react-refresh': [ '0.4.23' ],
65 silly audit   'eslint-scope': [ '8.4.0' ],
65 silly audit   espree: [ '10.4.0' ],
65 silly audit   esquery: [ '1.6.0' ],
65 silly audit   esrecurse: [ '4.3.0' ],
65 silly audit   estraverse: [ '5.3.0' ],
65 silly audit   esutils: [ '2.0.3' ],
65 silly audit   eventemitter3: [ '5.0.1' ],
65 silly audit   'fast-deep-equal': [ '3.1.3' ],
65 silly audit   'fast-json-stable-stringify': [ '2.1.0' ],
65 silly audit   'fast-levenshtein': [ '2.0.6' ],
65 silly audit   fdir: [ '6.5.0' ],
65 silly audit   'file-entry-cache': [ '8.0.0' ],
65 silly audit   'find-up': [ '5.0.0' ],
65 silly audit   'flat-cache': [ '4.0.1' ],
65 silly audit   flatted: [ '3.3.3' ],
65 silly audit   gensync: [ '1.0.0-beta.2' ],
65 silly audit   'glob-parent': [ '6.0.2' ],
65 silly audit   'glob-to-regexp': [ '0.4.1' ],
65 silly audit   goober: [ '2.1.18' ],
65 silly audit   'graceful-fs': [ '4.2.11' ],
65 silly audit   'has-flag': [ '4.0.0' ],
65 silly audit   ignore: [ '5.3.2' ],
65 silly audit   immer: [ '10.1.3' ],
65 silly audit   'import-fresh': [ '3.3.1' ],
65 silly audit   imurmurhash: [ '0.1.4' ],
65 silly audit   internmap: [ '2.0.3' ],
65 silly audit   'is-extglob': [ '2.1.1' ],
65 silly audit   'is-glob': [ '4.0.3' ],
65 silly audit   isexe: [ '2.0.0' ],
65 silly audit   jiti: [ '2.6.1' ],
65 silly audit   'js-cookie': [ '3.0.5' ],
65 silly audit   'js-tokens': [ '4.0.0' ],
65 silly audit   'js-yaml': [ '4.1.0' ],
65 silly audit   jsesc: [ '3.1.0' ],
65 silly audit   'json-buffer': [ '3.0.1' ],
65 silly audit   'json-schema-traverse': [ '0.4.1' ],
65 silly audit   'json-stable-stringify-without-jsonify': [ '1.0.1' ],
65 silly audit   json5: [ '2.2.3' ],
65 silly audit   keyv: [ '4.5.4' ],
65 silly audit   levn: [ '0.4.1' ],
65 silly audit   lightningcss: [ '1.30.1' ],
65 silly audit   'lightningcss-win32-x64-msvc': [ '1.30.1' ],
65 silly audit   'locate-path': [ '6.0.0' ],
65 silly audit   'lodash.merge': [ '4.6.2' ],
65 silly audit   'lru-cache': [ '5.1.1' ],
65 silly audit   'lucide-react': [ '0.540.0' ],
65 silly audit   'magic-string': [ '0.30.19' ],
65 silly audit   minimatch: [ '3.1.2' ],
65 silly audit   minipass: [ '7.1.2' ],
65 silly audit   minizlib: [ '3.1.0' ],
65 silly audit   ms: [ '2.1.3' ],
65 silly audit   nanoid: [ '3.3.11' ],
65 silly audit   'natural-compare': [ '1.4.0' ],
65 silly audit   'node-releases': [ '2.0.23' ],
65 silly audit   optionator: [ '0.9.4' ],
65 silly audit   'p-limit': [ '3.1.0' ],
65 silly audit   'p-locate': [ '5.0.0' ],
65 silly audit   'parent-module': [ '1.0.1' ],
65 silly audit   'path-exists': [ '4.0.0' ],
65 silly audit   'path-key': [ '3.1.1' ],
65 silly audit   picocolors: [ '1.1.1' ],
65 silly audit   picomatch: [ '4.0.3' ],
65 silly audit   postcss: [ '8.5.6' ],
65 silly audit   'prelude-ls': [ '1.2.1' ],
65 silly audit   punycode: [ '2.3.1' ],
65 silly audit   react: [ '19.2.6' ],
65 silly audit   'react-dom': [ '19.2.6' ],
65 silly audit   'react-hot-toast': [ '2.6.0' ],
65 silly audit   'react-is': [ '19.2.0' ],
65 silly audit   'react-redux': [ '9.2.0' ],
65 silly audit   'react-refresh': [ '0.17.0' ],
65 silly audit   'react-router': [ '7.9.4' ],
65 silly audit   'react-router-dom': [ '7.9.4' ],
65 silly audit   recharts: [ '3.2.1' ],
65 silly audit   redux: [ '5.0.1' ],
65 silly audit   'redux-thunk': [ '3.1.0' ],
65 silly audit   reselect: [ '5.1.1' ],
65 silly audit   'resolve-from': [ '4.0.0' ],
65 silly audit   rollup: [ '4.52.4' ],
65 silly audit   scheduler: [ '0.27.0' ],
65 silly audit   semver: [ '6.3.1' ],
65 silly audit   'set-cookie-parser': [ '2.7.1' ],
65 silly audit   'shebang-command': [ '2.0.0' ],
65 silly audit   'shebang-regex': [ '3.0.0' ],
65 silly audit   'source-map-js': [ '1.2.1' ],
65 silly audit   'std-env': [ '3.10.0' ],
65 silly audit   'strip-json-comments': [ '3.1.1' ],
65 silly audit   'supports-color': [ '7.2.0' ],
65 silly audit   tailwindcss: [ '4.1.14' ],
65 silly audit   tapable: [ '2.3.0' ],
65 silly audit   tar: [ '7.5.1' ],
65 silly audit   yallist: [ '5.0.0', '3.1.1' ],
65 silly audit   'tiny-invariant': [ '1.3.3' ],
65 silly audit   tinyglobby: [ '0.2.15' ],
65 silly audit   tslib: [ '2.8.1' ],
65 silly audit   'type-check': [ '0.4.0' ],
65 silly audit   'update-browserslist-db': [ '1.1.3' ],
65 silly audit   'uri-js': [ '4.4.1' ],
65 silly audit   'use-sync-external-store': [ '1.6.0' ],
65 silly audit   'victory-vendor': [ '37.3.6' ],
65 silly audit   vite: [ '7.1.9' ],
65 silly audit   which: [ '2.0.2' ],
65 silly audit   'word-wrap': [ '1.2.5' ],
65 silly audit   'yocto-queue': [ '0.1.0' ],
65 silly audit   '@clerk/clerk-react': [ '5.61.3' ],
65 silly audit   swr: [ '2.3.4' ]
65 silly audit }
66 http fetch POST 200 https://registry.npmjs.org/-/npm/v1/security/advisories/bulk 325ms
67 timing auditReport:getReport Completed in 329ms
68 silly audit report {
68 silly audit report   ajv: [
68 silly audit report     {
68 silly audit report       id: 1113714,
68 silly audit report       url: 'https://github.com/advisories/GHSA-2g4f-4pwh-qvx6',
68 silly audit report       title: 'ajv has ReDoS when using `$data` option',
68 silly audit report       severity: 'moderate',
68 silly audit report       vulnerable_versions: '<6.14.0',
68 silly audit report       cwe: [Array],
68 silly audit report       cvss: [Object]
68 silly audit report     }
68 silly audit report   ],
68 silly audit report   'brace-expansion': [
68 silly audit report     {
68 silly audit report       id: 1115540,
68 silly audit report       url: 'https://github.com/advisories/GHSA-f886-m6hf-6m8v',
68 silly audit report       title: 'brace-expansion: Zero-step sequence causes process hang and memory exhaustion',
68 silly audit report       severity: 'moderate',
68 silly audit report       vulnerable_versions: '<1.1.13',
68 silly audit report       cwe: [Array],
68 silly audit report       cvss: [Object]
68 silly audit report     }
68 silly audit report   ],
68 silly audit report   flatted: [
68 silly audit report     {
68 silly audit report       id: 1114526,
68 silly audit report       url: 'https://github.com/advisories/GHSA-25h7-pfq9-p65f',
68 silly audit report       title: 'flatted vulnerable to unbounded recursion DoS in parse() revive phase',
68 silly audit report       severity: 'high',
68 silly audit report       vulnerable_versions: '<3.4.0',
68 silly audit report       cwe: [Array],
68 silly audit report       cvss: [Object]
68 silly audit report     },
68 silly audit report     {
68 silly audit report       id: 1115357,
68 silly audit report       url: 'https://github.com/advisories/GHSA-rf6f-7fwh-wjgh',
68 silly audit report       title: 'Prototype Pollution via parse() in NodeJS flatted',
68 silly audit report       severity: 'high',
68 silly audit report       vulnerable_versions: '<=3.4.1',
68 silly audit report       cwe: [Array],
68 silly audit report       cvss: [Object]
68 silly audit report     }
68 silly audit report   ],
68 silly audit report   'js-yaml': [
68 silly audit report     {
68 silly audit report       id: 1112715,
68 silly audit report       url: 'https://github.com/advisories/GHSA-mh29-5h37-fv8m',
68 silly audit report       title: 'js-yaml has prototype pollution in merge (<<)',
68 silly audit report       severity: 'moderate',
68 silly audit report       vulnerable_versions: '>=4.0.0 <4.1.1',
68 silly audit report       cwe: [Array],
68 silly audit report       cvss: [Object]
68 silly audit report     }
68 silly audit report   ],
68 silly audit report   minimatch: [
68 silly audit report     {
68 silly audit report       id: 1113459,
68 silly audit report       url: 'https://github.com/advisories/GHSA-3ppc-4f35-3m26',
68 silly audit report       title: 'minimatch has a ReDoS via repeated wildcards with non-matching literal in pattern',
68 silly audit report       severity: 'high',
68 silly audit report       vulnerable_versions: '<3.1.3',
68 silly audit report       cwe: [Array],
68 silly audit report       cvss: [Object]
68 silly audit report     },
68 silly audit report     {
68 silly audit report       id: 1113538,
68 silly audit report       url: 'https://github.com/advisories/GHSA-7r86-cg39-jmmj',
68 silly audit report       title: 'minimatch has ReDoS: matchOne() combinatorial backtracking via multiple non-adjacent GLOBSTAR segments',
68 silly audit report       severity: 'high',
68 silly audit report       vulnerable_versions: '<3.1.3',
68 silly audit report       cwe: [Array],
68 silly audit report       cvss: [Object]
68 silly audit report     },
68 silly audit report     {
68 silly audit report       id: 1113546,
68 silly audit report       url: 'https://github.com/advisories/GHSA-23c5-xmqv-rm74',
68 silly audit report       title: 'minimatch ReDoS: nested *() extglobs generate catastrophically backtracking regular expressions',
68 silly audit report       severity: 'high',
68 silly audit report       vulnerable_versions: '<3.1.4',
68 silly audit report       cwe: [Array],
68 silly audit report       cvss: [Object]
68 silly audit report     }
68 silly audit report   ],
68 silly audit report   picomatch: [
68 silly audit report     {
68 silly audit report       id: 1115551,
68 silly audit report       url: 'https://github.com/advisories/GHSA-3v7f-55p6-f55p',
68 silly audit report       title: 'Picomatch: Method Injection in POSIX Character Classes causes incorrect Glob Matching',
68 silly audit report       severity: 'moderate',
68 silly audit report       vulnerable_versions: '>=4.0.0 <4.0.4',
68 silly audit report       cwe: [Array],
68 silly audit report       cvss: [Object]
68 silly audit report     },
68 silly audit report     {
68 silly audit report       id: 1115554,
68 silly audit report       url: 'https://github.com/advisories/GHSA-c2c7-rcm5-vvqj',
68 silly audit report       title: 'Picomatch has a ReDoS vulnerability via extglob quantifiers',
68 silly audit report       severity: 'high',
68 silly audit report       vulnerable_versions: '>=4.0.0 <4.0.4',
68 silly audit report       cwe: [Array],
68 silly audit report       cvss: [Object]
68 silly audit report     }
68 silly audit report   ],
68 silly audit report   postcss: [
68 silly audit report     {
68 silly audit report       id: 1117015,
68 silly audit report       url: 'https://github.com/advisories/GHSA-qx2v-qp2m-jg93',
68 silly audit report       title: 'PostCSS has XSS via Unescaped </style> in its CSS Stringify Output',
68 silly audit report       severity: 'moderate',
68 silly audit report       vulnerable_versions: '<8.5.10',
68 silly audit report       cwe: [Array],
68 silly audit report       cvss: [Object]
68 silly audit report     }
68 silly audit report   ],
68 silly audit report   'react-router': [
68 silly audit report     {
68 silly audit report       id: 1112051,
68 silly audit report       url: 'https://github.com/advisories/GHSA-h5cw-625j-3rxh',
68 silly audit report       title: 'React Router has CSRF issue in Action/Server Action Request Processing',
68 silly audit report       severity: 'moderate',
68 silly audit report       vulnerable_versions: '>=7.0.0 <=7.11.0',
68 silly audit report       cwe: [Array],
68 silly audit report       cvss: [Object]
68 silly audit report     },
68 silly audit report     {
68 silly audit report       id: 1112053,
68 silly audit report       url: 'https://github.com/advisories/GHSA-2w69-qvjg-hvjx',
68 silly audit report       title: 'React Router vulnerable to XSS via Open Redirects',
68 silly audit report       severity: 'high',
68 silly audit report       vulnerable_versions: '>=7.0.0 <=7.11.0',
68 silly audit report       cwe: [Array],
68 silly audit report       cvss: [Object]
68 silly audit report     },
68 silly audit report     {
68 silly audit report       id: 1112055,
68 silly audit report       url: 'https://github.com/advisories/GHSA-8v8x-cx79-35w7',
68 silly audit report       title: 'React Router SSR XSS in ScrollRestoration',
68 silly audit report       severity: 'high',
68 silly audit report       vulnerable_versions: '>=7.0.0 <7.12.0',
68 silly audit report       cwe: [Array],
68 silly audit report       cvss: [Object]
68 silly audit report     },
68 silly audit report     {
68 silly audit report       id: 1112056,
68 silly audit report       url: 'https://github.com/advisories/GHSA-9jcx-v3wj-wh4m',
68 silly audit report       title: 'React Router has unexpected external redirect via untrusted paths',
68 silly audit report       severity: 'moderate',
68 silly audit report       vulnerable_versions: '>=7.0.0 <7.9.6',
68 silly audit report       cwe: [Array],
68 silly audit report       cvss: [Object]
68 silly audit report     }
68 silly audit report   ],
68 silly audit report   rollup: [
68 silly audit report     {
68 silly audit report       id: 1113515,
68 silly audit report       url: 'https://github.com/advisories/GHSA-mw96-cpmx-2vgc',
68 silly audit report       title: 'Rollup 4 has Arbitrary File Write via Path Traversal',
68 silly audit report       severity: 'high',
68 silly audit report       vulnerable_versions: '>=4.0.0 <4.59.0',
68 silly audit report       cwe: [Array],
68 silly audit report       cvss: [Object]
68 silly audit report     }
68 silly audit report   ],
68 silly audit report   tar: [
68 silly audit report     {
68 silly audit report       id: 1109463,
68 silly audit report       url: 'https://github.com/advisories/GHSA-29xp-372q-xqph',
68 silly audit report       title: 'node-tar has a race condition leading to uninitialized memory exposure',
68 silly audit report       severity: 'moderate',
68 silly audit report       vulnerable_versions: '=7.5.1',
68 silly audit report       cwe: [Array],
68 silly audit report       cvss: [Object]
68 silly audit report     },
68 silly audit report     {
68 silly audit report       id: 1112659,
68 silly audit report       url: 'https://github.com/advisories/GHSA-34x7-hfp2-rc4v',
68 silly audit report       title: 'node-tar Vulnerable to Arbitrary File Creation/Overwrite via Hardlink Path Traversal',
68 silly audit report       severity: 'high',
68 silly audit report       vulnerable_versions: '<7.5.7',
68 silly audit report       cwe: [Array],
68 silly audit report       cvss: [Object]
68 silly audit report     },
68 silly audit report     {
68 silly audit report       id: 1113300,
68 silly audit report       url: 'https://github.com/advisories/GHSA-8qq5-rm4j-mr97',
68 silly audit report       title: 'node-tar is Vulnerable to Arbitrary File Overwrite and Symlink Poisoning via Insufficient Path Sanitization',
68 silly audit report       severity: 'high',
68 silly audit report       vulnerable_versions: '<=7.5.2',
68 silly audit report       cwe: [Array],
68 silly audit report       cvss: [Object]
68 silly audit report     },
68 silly audit report     {
68 silly audit report       id: 1113375,
68 silly audit report       url: 'https://github.com/advisories/GHSA-83g3-92jg-28cx',
68 silly audit report       title: 'Arbitrary File Read/Write via Hardlink Target Escape Through Symlink Chain in node-tar Extraction',
68 silly audit report       severity: 'high',
68 silly audit report       vulnerable_versions: '<7.5.8',
68 silly audit report       cwe: [Array],
68 silly audit report       cvss: [Object]
68 silly audit report     },
68 silly audit report     {
68 silly audit report       id: 1114200,
68 silly audit report       url: 'https://github.com/advisories/GHSA-qffp-2rhf-9h96',
68 silly audit report       title: 'tar has Hardlink Path Traversal via Drive-Relative Linkpath',
68 silly audit report       severity: 'high',
68 silly audit report       vulnerable_versions: '<=7.5.9',
68 silly audit report       cwe: [Array],
68 silly audit report       cvss: [Object]
68 silly audit report     },
68 silly audit report     {
68 silly audit report       id: 1114302,
68 silly audit report       url: 'https://github.com/advisories/GHSA-9ppj-qmqm-q256',
68 silly audit report       title: 'node-tar Symlink Path Traversal via Drive-Relative Linkpath',
68 silly audit report       severity: 'high',
68 silly audit report       vulnerable_versions: '<=7.5.10',
68 silly audit report       cwe: [Array],
68 silly audit report       cvss: [Object]
68 silly audit report     },
68 silly audit report     {
68 silly audit report       id: 1114680,
68 silly audit report       url: 'https://github.com/advisories/GHSA-r6q2-hw4h-h46w',
68 silly audit report       title: 'Race Condition in node-tar Path Reservations via Unicode Ligature Collisions on macOS APFS',
68 silly audit report       severity: 'high',
68 silly audit report       vulnerable_versions: '<=7.5.3',
68 silly audit report       cwe: [Array],
68 silly audit report       cvss: [Object]
68 silly audit report     }
68 silly audit report   ],
68 silly audit report   vite: [
68 silly audit report     {
68 silly audit report       id: 1109137,
68 silly audit report       url: 'https://github.com/advisories/GHSA-93m4-6634-74q7',
68 silly audit report       title: 'vite allows server.fs.deny bypass via backslash on Windows',
68 silly audit report       severity: 'moderate',
68 silly audit report       vulnerable_versions: '>=7.1.0 <=7.1.10',
68 silly audit report       cwe: [Array],
68 silly audit report       cvss: [Object]
68 silly audit report     },
68 silly audit report     {
68 silly audit report       id: 1116230,
68 silly audit report       url: 'https://github.com/advisories/GHSA-4w7w-66w2-5vf9',
68 silly audit report       title: 'Vite Vulnerable to Path Traversal in Optimized Deps `.map` Handling',
68 silly audit report       severity: 'moderate',
68 silly audit report       vulnerable_versions: '>=7.0.0 <=7.3.1',
68 silly audit report       cwe: [Array],
68 silly audit report       cvss: [Object]
68 silly audit report     },
68 silly audit report     {
68 silly audit report       id: 1116232,
68 silly audit report       url: 'https://github.com/advisories/GHSA-v2wj-q39q-566r',
68 silly audit report       title: 'Vite: `server.fs.deny` bypassed with queries',
68 silly audit report       severity: 'high',
68 silly audit report       vulnerable_versions: '>=7.1.0 <=7.3.1',
68 silly audit report       cwe: [Array],
68 silly audit report       cvss: [Object]
68 silly audit report     },
68 silly audit report     {
68 silly audit report       id: 1116235,
68 silly audit report       url: 'https://github.com/advisories/GHSA-p9ff-h696-f583',
68 silly audit report       title: 'Vite Vulnerable to Arbitrary File Read via Vite Dev Server WebSocket',
68 silly audit report       severity: 'high',
68 silly audit report       vulnerable_versions: '>=7.0.0 <=7.3.1',
68 silly audit report       cwe: [Array],
68 silly audit report       cvss: [Object]
68 silly audit report     }
68 silly audit report   ],
68 silly audit report   '@clerk/clerk-react': [
68 silly audit report     {
68 silly audit report       id: 1118710,
68 silly audit report       url: 'https://github.com/advisories/GHSA-w24r-5266-9c3c',
68 silly audit report       title: 'Clerk has an authorization bypass when combining organization, billing, or reverification checks',
68 silly audit report       severity: 'high',
68 silly audit report       vulnerable_versions: '>=5.9.0 <=5.61.5',
68 silly audit report       cwe: [Array],
68 silly audit report       cvss: [Object]
68 silly audit report     }
68 silly audit report   ]
68 silly audit report }
69 timing metavuln:packument:@clerk/clerk-react Completed in 2ms
70 timing metavuln:cache:get:security-advisory:@clerk/clerk-react:t1fT0w0QHyOcMTxc9wV/zoMzr4urQVecvAf3qn2eYFbu9oSo/j7b8GYLSinD9YYw2eU5iWwx0oDIhucpI9EY3w== Completed in 4ms
71 timing metavuln:load:security-advisory:@clerk/clerk-react:1118710 Completed in 303ms
72 timing metavuln:cache:get:security-advisory:ajv:u4HOZ0QFYFTDLqnZ5TPSC8VEvP+HMuGcZACJuTqG8bm/gunrgkQwsiiH2pbF9tNIl45RK0sW2ccPzEojb1k0xQ== Completed in 342ms
73 timing metavuln:cache:get:security-advisory:brace-expansion:kIHgu1L8zIy7pY0wp6wYzUm7tst3xTM2tiSYrstcGK/XsO7o4p6zyuUSjq93oH1dvU2tbEvlSW+gaNbGIbeudw== Completed in 342ms
74 timing metavuln:cache:get:security-advisory:flatted:oa7V2KnuHnLCPcrXFvcQLRAa1NASGJm9yZ+B92xpfwxan7PZyVrZjYAHt6LB51PFfA2mM8KGE+VHR+U5X/2uZw== Completed in 341ms
75 timing metavuln:cache:get:security-advisory:flatted:uMG/3R828PE31LVzr7SnM2pFAXessH3XoRtonZYiGJtZfR5a//VWhmdMxy/RepstCydCDFxkci7fqEuzEvhnAA== Completed in 342ms
76 timing metavuln:cache:get:security-advisory:minimatch:V/3cIcyAQcG1bwuH0e0PI9Qt5WRtbvb/WOz2mBxAfNzXf+Dvs9G1X05eHjnPq2b0TJY4zXXpqhCAkRAipgk3iQ== Completed in 342ms
77 timing metavuln:cache:get:security-advisory:js-yaml:621IdjBdZEeVoUcjWGl1jXN0jFDGaf7dIQMeaPVKf5MxqYprJztiOC0OHOUPVoayh7Cq/fTC8L5CqEb98qlE7w== Completed in 342ms
78 timing metavuln:cache:get:security-advisory:minimatch:kx7kRjUmjSYmgQBpfsU82Na4xORZqvqpRRSlOyPLadasPBl0YfFJCjIETC00BG7Gd2omQLizgz8/GnnE/hk+Jw== Completed in 343ms
79 timing metavuln:cache:get:security-advisory:picomatch:2VXNT0aF/Oc+aljqzVZL+y7UYoRsun3f1sCqjauwt4R4X9DizyqvONZbNtH8U58EY1DnyPNR0Ul3cX6UkEWNqw== Completed in 342ms
80 timing metavuln:cache:get:security-advisory:minimatch:tdaAHfWGUw/nl/W8ALWVH+LvG2E3gvo3P2FI/fVPxm3aZteLxWMOEuk/9iDk5O0/cZN/GRXnabt/mW/bfUoL/g== Completed in 344ms
81 timing metavuln:cache:get:security-advisory:postcss:685RVq5xScaqegAXk2BRJrsMaZmsz1d/volUoA67iVw3AvHhUlX03u+VPRrmo8iuObcSDvuZF+fuiOnLC9L1uA== Completed in 343ms
82 timing metavuln:cache:get:security-advisory:picomatch:PpR3fLr2OHopA+LsAWF3etD15aOC+jSmDwUcp4VQCTrR40wKvI/IGhhNd2qAhozxRYiHGwb06lLJm+b8SMoG/w== Completed in 343ms
83 timing metavuln:cache:get:security-advisory:react-router:FBGS8hIF+q4onquA82/T6j4VC0D/sJhY5HczORU31qZR0WoQu/pFjMOP9zPruTmht8jauggQbhmymblcDF+4kQ== Completed in 343ms
84 timing metavuln:cache:get:security-advisory:react-router:Z9ZnMZhMs0kkH/J3t/aL9QpwBSy8b6dTtbtupm3zIrvaseE+irLNZ4Pa30rdDlBAc09uHOmHFWlVqwKYy8XZ8Q== Completed in 344ms
85 timing metavuln:cache:get:security-advisory:tar:qPQeYPFDBIedTWfYK3sbnScF6Ha7ouTs+wgndnz4PT5P+/K+GBD4epoPcYpXlu6AC7gSJlCJTJeuKbYAFoK9PA== Completed in 343ms
86 timing metavuln:cache:get:security-advisory:react-router:LL/m6KQnMVH198UOSw04JpHxqJ4/ZhjExD0c/Huo6Fmskdm1ZfZJ879lKoThHmVkLX7jfV+Xn5a2Bn2h7bM+tA== Completed in 345ms
87 timing metavuln:cache:get:security-advisory:react-router:JQUxU4wfOFAgKcnwmW+VMHdSzrKtv3xFyRyeKOWIi8jb9f6KqlT18ypY6lB4pR1CnYS27i1LfUrCoeILoBuC1A== Completed in 346ms
88 timing metavuln:cache:get:security-advisory:rollup:j57+QiunRUdD0cUD+SOC+z9ahAKAX/ORqNrS8xn5EMmMoVNjDT6jDQ8+1zJZRvVKgeAjbBSmjAgyimjwq9Hhfg== Completed in 345ms
89 timing metavuln:cache:get:security-advisory:tar:cbwMpzkxWE086TmEbj2aUk80Z6hlvP0jzlWS+XiX15JwqEtFzUgHyHj3QX4I6EZYk8tgcYPuNr3hYFVCQY6e3Q== Completed in 346ms
90 timing metavuln:cache:get:security-advisory:tar:vbDW3SJe6e2hhLv65iuyXehzCzEAirdu2MloZluu8ApJ5S0mpjZNCz+7tMRaz8WDOzMKfYQKi/M/IfcFNOa3Cw== Completed in 345ms
91 timing metavuln:cache:get:security-advisory:tar:yTPyur4X3lE39v7zdkE15v05LuZzee3Nh2S9FBJ4PraCijRulUq0MlWeW5nvqHC+T3FKxfh/RgcTEGjH+N98dA== Completed in 346ms
92 timing metavuln:cache:get:security-advisory:vite:SCO1RRwPelWhJ/uWmFc7/ylctclEgPPJUhE0gRdbA8vEo5CpmXWDHQld5vZGRMty/O49XuvkGICdtbOr7Bggsg== Completed in 345ms
93 timing metavuln:cache:get:security-advisory:tar:UWW3Y4BpqE/fE3Qp2/QBaix5a7TZZoP7gM6asxPYL9ED9MweoK3ryao+Bp0Y6Y8Xds/rmjAafpG21YRYkP3N4g== Completed in 345ms
94 timing metavuln:cache:get:security-advisory:vite:YKy4GOwNBzYPcn5Xa2ttFRubdc68zM0lpbEYfRzqKP4QtBRYJH9u3PgqUhIzxkCEAaL9OtJYNzj89wT4miRA2A== Completed in 345ms
95 timing metavuln:cache:get:security-advisory:tar:eeMx7uxRjV2T2ub1XcSZGVUMDQllh5SgBOjApRXoDwccZb2xPyoJEKCNDkl/ZQGHcurw9K/Nf+wQF6u7SWH6CQ== Completed in 346ms
96 timing metavuln:cache:get:security-advisory:vite:YKZN1cuK0pxcyIP3QXJZO734e2Qjk40j3+OYQl4HmvWqf3wNiu52G0d2+mIMZQml5XDCaqy2lJgHKYY4I1XsHQ== Completed in 346ms
97 timing metavuln:cache:get:security-advisory:vite:KfZn8yxFghRSACYGvtoE5dS+n7MZ6IoDfxWttMT44/PEQln6urGt1L12TRUqdcGj/tg3v/t/GlXIj0Yl4wYTaQ== Completed in 346ms
98 timing metavuln:cache:get:security-advisory:tar:Bbf0Br7FJ1lJBIJDoLLFwjsDrbaYgLVqfrwr0ATzSQWEKW7Xp073S+5zxU9imRf4OqRJHo2MsCDeyKR0KRVsdA== Completed in 347ms
99 timing metavuln:cache:put:security-advisory:@clerk/clerk-react:t1fT0w0QHyOcMTxc9wV/zoMzr4urQVecvAf3qn2eYFbu9oSo/j7b8GYLSinD9YYw2eU5iWwx0oDIhucpI9EY3w== Completed in 85ms
100 timing metavuln:calculate:security-advisory:@clerk/clerk-react:1118710 Completed in 392ms
101 http fetch GET 200 https://registry.npmjs.org/swr/-/swr-2.3.4.tgz 742ms (cache miss)
102 timing reifyNode:node_modules/swr Completed in 749ms
103 http fetch GET 200 https://registry.npmjs.org/flatted 565ms (cache revalidated)
104 timing metavuln:packument:flatted Completed in 566ms
105 timing metavuln:load:security-advisory:flatted:1114526 Completed in 0ms
106 timing metavuln:calculate:security-advisory:flatted:1114526 Completed in 566ms
107 timing metavuln:load:security-advisory:flatted:1115357 Completed in 0ms
108 timing metavuln:calculate:security-advisory:flatted:1115357 Completed in 566ms
109 http fetch GET 200 https://registry.npmjs.org/minimatch 567ms (cache revalidated)
110 timing metavuln:packument:minimatch Completed in 568ms
111 timing metavuln:load:security-advisory:minimatch:1113459 Completed in 1ms
112 timing metavuln:calculate:security-advisory:minimatch:1113459 Completed in 569ms
113 timing metavuln:load:security-advisory:minimatch:1113538 Completed in 0ms
114 timing metavuln:calculate:security-advisory:minimatch:1113538 Completed in 569ms
115 timing metavuln:load:security-advisory:minimatch:1113546 Completed in 0ms
116 timing metavuln:calculate:security-advisory:minimatch:1113546 Completed in 569ms
117 http fetch GET 200 https://registry.npmjs.org/@clerk/clerk-react/-/clerk-react-5.61.3.tgz 1051ms (cache miss)
118 warn deprecated @clerk/clerk-react@5.61.3: This package is no longer supported. Please use @clerk/react instead. See the upgrade guide for more info: https://clerk.com/docs/guides/development/upgrading/upgrade-guides/core-3
119 timing reifyNode:node_modules/@clerk/clerk-react Completed in 1061ms
120 http fetch GET 200 https://registry.npmjs.org/brace-expansion 1135ms (cache revalidated)
121 timing metavuln:packument:brace-expansion Completed in 1136ms
122 timing metavuln:load:security-advisory:brace-expansion:1115540 Completed in 0ms
123 timing metavuln:calculate:security-advisory:brace-expansion:1115540 Completed in 1136ms
124 http fetch GET 200 https://registry.npmjs.org/ajv 1137ms (cache revalidated)
125 timing metavuln:packument:ajv Completed in 1142ms
126 timing metavuln:load:security-advisory:ajv:1113714 Completed in 1ms
127 timing metavuln:calculate:security-advisory:ajv:1113714 Completed in 1145ms
128 http fetch GET 200 https://registry.npmjs.org/postcss 1143ms (cache revalidated)
129 timing metavuln:packument:postcss Completed in 1147ms
130 timing metavuln:load:security-advisory:postcss:1117015 Completed in 1ms
131 timing metavuln:calculate:security-advisory:postcss:1117015 Completed in 1148ms
132 http fetch GET 200 https://registry.npmjs.org/react-router 1158ms (cache revalidated)
133 timing metavuln:packument:react-router Completed in 1170ms
134 timing metavuln:load:security-advisory:react-router:1112051 Completed in 7ms
135 timing metavuln:calculate:security-advisory:react-router:1112051 Completed in 1177ms
136 timing metavuln:load:security-advisory:react-router:1112053 Completed in 11ms
137 timing metavuln:calculate:security-advisory:react-router:1112053 Completed in 1188ms
138 timing metavuln:load:security-advisory:react-router:1112055 Completed in 7ms
139 timing metavuln:calculate:security-advisory:react-router:1112055 Completed in 1195ms
140 timing metavuln:load:security-advisory:react-router:1112056 Completed in 6ms
141 timing metavuln:calculate:security-advisory:react-router:1112056 Completed in 1200ms
142 http fetch GET 200 https://registry.npmjs.org/tar 1201ms (cache revalidated)
143 timing metavuln:packument:tar Completed in 1203ms
144 timing metavuln:load:security-advisory:tar:1109463 Completed in 0ms
145 timing metavuln:calculate:security-advisory:tar:1109463 Completed in 1203ms
146 timing metavuln:load:security-advisory:tar:1112659 Completed in 0ms
147 timing metavuln:calculate:security-advisory:tar:1112659 Completed in 1203ms
148 timing metavuln:load:security-advisory:tar:1113300 Completed in 1ms
149 timing metavuln:calculate:security-advisory:tar:1113300 Completed in 1204ms
150 timing metavuln:load:security-advisory:tar:1113375 Completed in 0ms
151 timing metavuln:calculate:security-advisory:tar:1113375 Completed in 1204ms
152 timing metavuln:load:security-advisory:tar:1114200 Completed in 1ms
153 timing metavuln:calculate:security-advisory:tar:1114200 Completed in 1204ms
154 timing metavuln:load:security-advisory:tar:1114302 Completed in 0ms
155 timing metavuln:calculate:security-advisory:tar:1114302 Completed in 1204ms
156 timing metavuln:load:security-advisory:tar:1114680 Completed in 0ms
157 timing metavuln:calculate:security-advisory:tar:1114680 Completed in 1204ms
158 http fetch GET 200 https://registry.npmjs.org/picomatch 1207ms (cache revalidated)
159 timing metavuln:packument:picomatch Completed in 1207ms
160 timing metavuln:load:security-advisory:picomatch:1115551 Completed in 0ms
161 timing metavuln:calculate:security-advisory:picomatch:1115551 Completed in 1207ms
162 timing metavuln:load:security-advisory:picomatch:1115554 Completed in 0ms
163 timing metavuln:calculate:security-advisory:picomatch:1115554 Completed in 1207ms
164 http fetch GET 200 https://registry.npmjs.org/vite 1212ms (cache revalidated)
165 timing metavuln:packument:vite Completed in 1238ms
166 timing metavuln:load:security-advisory:vite:1109137 Completed in 3ms
167 timing metavuln:calculate:security-advisory:vite:1109137 Completed in 1241ms
168 timing metavuln:load:security-advisory:vite:1116230 Completed in 2ms
169 timing metavuln:calculate:security-advisory:vite:1116230 Completed in 1243ms
170 timing metavuln:load:security-advisory:vite:1116232 Completed in 6ms
171 timing metavuln:calculate:security-advisory:vite:1116232 Completed in 1250ms
172 timing metavuln:load:security-advisory:vite:1116235 Completed in 2ms
173 timing metavuln:calculate:security-advisory:vite:1116235 Completed in 1252ms
174 http fetch GET 200 https://registry.npmjs.org/rollup 1258ms (cache revalidated)
175 timing metavuln:packument:rollup Completed in 1281ms
176 timing metavuln:load:security-advisory:rollup:1113515 Completed in 3ms
177 timing metavuln:calculate:security-advisory:rollup:1113515 Completed in 1284ms
178 http fetch GET 200 https://registry.npmjs.org/js-yaml 1287ms (cache revalidated)
179 timing metavuln:packument:js-yaml Completed in 1288ms
180 timing metavuln:load:security-advisory:js-yaml:1112715 Completed in 0ms
181 timing metavuln:calculate:security-advisory:js-yaml:1112715 Completed in 1288ms
182 timing metavuln:cache:get:security-advisory:eslint:6kRX7Aokk76Jx6XoOHiMSU8BTR90SQMK5AZjmt7HFdN87a8DFzzjuJwsTWoA1xHp5ATdta4R7ud3Xw2YczLZlA== Completed in 5ms
183 timing metavuln:cache:get:security-advisory:@eslint/eslintrc:aTNWJFSkw5DS4SB2nZgnaAFFdAXCgYakUu7Vnu0VAj0AclpVyjznKIgNeS8Irm+NcHSORmoypttmDbChxemxqA== Completed in 5ms
184 http fetch GET 200 https://registry.npmjs.org/eslint 115ms (cache revalidated)
185 timing metavuln:packument:eslint Completed in 133ms
186 timing metavuln:load:security-advisory:eslint:u4HOZ0QFYFTDLqnZ5TPSC8VEvP+HMuGcZACJuTqG8bm/gunrgkQwsiiH2pbF9tNIl45RK0sW2ccPzEojb1k0xQ== Completed in 1ms
187 timing metavuln:calculate:security-advisory:eslint:u4HOZ0QFYFTDLqnZ5TPSC8VEvP+HMuGcZACJuTqG8bm/gunrgkQwsiiH2pbF9tNIl45RK0sW2ccPzEojb1k0xQ== Completed in 134ms
188 http fetch GET 200 https://registry.npmjs.org/@eslint%2feslintrc 143ms (cache revalidated)
189 timing metavuln:packument:@eslint/eslintrc Completed in 144ms
190 timing metavuln:load:security-advisory:@eslint/eslintrc:u4HOZ0QFYFTDLqnZ5TPSC8VEvP+HMuGcZACJuTqG8bm/gunrgkQwsiiH2pbF9tNIl45RK0sW2ccPzEojb1k0xQ== Completed in 0ms
191 timing metavuln:calculate:security-advisory:@eslint/eslintrc:u4HOZ0QFYFTDLqnZ5TPSC8VEvP+HMuGcZACJuTqG8bm/gunrgkQwsiiH2pbF9tNIl45RK0sW2ccPzEojb1k0xQ== Completed in 145ms
192 timing metavuln:cache:get:security-advisory:minimatch:/0Er43jAJYtedmFf28LczeYNpugHuL8c0lEtKZQ3iahaosdPvdPdhmr9lB0BwJr6iZu9ORb4I2CUoET1WHhyuA== Completed in 2ms
193 timing metavuln:load:security-advisory:minimatch:kIHgu1L8zIy7pY0wp6wYzUm7tst3xTM2tiSYrstcGK/XsO7o4p6zyuUSjq93oH1dvU2tbEvlSW+gaNbGIbeudw== Completed in 1ms
194 timing metavuln:calculate:security-advisory:minimatch:kIHgu1L8zIy7pY0wp6wYzUm7tst3xTM2tiSYrstcGK/XsO7o4p6zyuUSjq93oH1dvU2tbEvlSW+gaNbGIbeudw== Completed in 3ms
195 timing metavuln:cache:get:security-advisory:flat-cache:JhiW4rt37xHiozZ7KHa24qUwDKaqeEmfEKkkfEIx/3FvJpogNevZOLgbh2yXpecOg6mIB2Ykrg7bF88g6uOdtQ== Completed in 3ms
196 http fetch GET 200 https://registry.npmjs.org/flat-cache 138ms (cache revalidated)
197 timing metavuln:packument:flat-cache Completed in 139ms
198 timing metavuln:load:security-advisory:flat-cache:oa7V2KnuHnLCPcrXFvcQLRAa1NASGJm9yZ+B92xpfwxan7PZyVrZjYAHt6LB51PFfA2mM8KGE+VHR+U5X/2uZw== Completed in 0ms
199 timing metavuln:calculate:security-advisory:flat-cache:oa7V2KnuHnLCPcrXFvcQLRAa1NASGJm9yZ+B92xpfwxan7PZyVrZjYAHt6LB51PFfA2mM8KGE+VHR+U5X/2uZw== Completed in 140ms
200 timing metavuln:cache:get:security-advisory:@eslint/eslintrc:+dj/LqpwTuLnMbBYuGIzIb6b3zspptDh0rakRHhZtIReGOQCQDIXFUqoHFXyUBrXqkKL96IYWa7gOtmMPQ2AIw== Completed in 2ms
201 timing metavuln:load:security-advisory:@eslint/eslintrc:621IdjBdZEeVoUcjWGl1jXN0jFDGaf7dIQMeaPVKf5MxqYprJztiOC0OHOUPVoayh7Cq/fTC8L5CqEb98qlE7w== Completed in 0ms
202 timing metavuln:calculate:security-advisory:@eslint/eslintrc:621IdjBdZEeVoUcjWGl1jXN0jFDGaf7dIQMeaPVKf5MxqYprJztiOC0OHOUPVoayh7Cq/fTC8L5CqEb98qlE7w== Completed in 2ms
203 timing metavuln:cache:get:security-advisory:@eslint/config-array:iswiKp5um/RTDbRwoLwTd6GOZwXgC1BLG6b1m/LIkBZsuw7EY4rvdz8xyhDm8cJ03tRn/L6ikTK/1eH08Dntjg== Completed in 3ms
204 timing metavuln:cache:get:security-advisory:eslint:ev5azc2U50vUYTqLo2/jaU7l8ps6Yvlqzkyp5OLr37QKqPK3+eCnjR+sureWWgBbnj1subBH7GupBmACDEZ2Mw== Completed in 3ms
205 timing metavuln:load:security-advisory:eslint:V/3cIcyAQcG1bwuH0e0PI9Qt5WRtbvb/WOz2mBxAfNzXf+Dvs9G1X05eHjnPq2b0TJY4zXXpqhCAkRAipgk3iQ== Completed in 1ms
206 timing metavuln:calculate:security-advisory:eslint:V/3cIcyAQcG1bwuH0e0PI9Qt5WRtbvb/WOz2mBxAfNzXf+Dvs9G1X05eHjnPq2b0TJY4zXXpqhCAkRAipgk3iQ== Completed in 5ms
207 timing metavuln:cache:get:security-advisory:@eslint/eslintrc:ekjU9xvLMIGZ60VAS3cJiXhpLVygLLVhrX5j5gbU96muSnaowg56B//Z2ieRbqnSyEhXO09OAWrrIfGViIVogQ== Completed in 5ms
208 timing metavuln:load:security-advisory:@eslint/eslintrc:V/3cIcyAQcG1bwuH0e0PI9Qt5WRtbvb/WOz2mBxAfNzXf+Dvs9G1X05eHjnPq2b0TJY4zXXpqhCAkRAipgk3iQ== Completed in 0ms
209 timing metavuln:calculate:security-advisory:@eslint/eslintrc:V/3cIcyAQcG1bwuH0e0PI9Qt5WRtbvb/WOz2mBxAfNzXf+Dvs9G1X05eHjnPq2b0TJY4zXXpqhCAkRAipgk3iQ== Completed in 5ms
210 http fetch GET 200 https://registry.npmjs.org/@eslint%2fconfig-array 119ms (cache revalidated)
211 timing metavuln:packument:@eslint/config-array Completed in 119ms
212 timing metavuln:load:security-advisory:@eslint/config-array:V/3cIcyAQcG1bwuH0e0PI9Qt5WRtbvb/WOz2mBxAfNzXf+Dvs9G1X05eHjnPq2b0TJY4zXXpqhCAkRAipgk3iQ== Completed in 1ms
213 timing metavuln:calculate:security-advisory:@eslint/config-array:V/3cIcyAQcG1bwuH0e0PI9Qt5WRtbvb/WOz2mBxAfNzXf+Dvs9G1X05eHjnPq2b0TJY4zXXpqhCAkRAipgk3iQ== Completed in 120ms
214 timing metavuln:cache:get:security-advisory:fdir:I7IZptQLXjhZ5TVjlLB1vJ5JfgkV8HlzAFySNm0W8XK7Klvz8UNk59CjMAZ1uqS4G0ttvhpXbZB8RE9vuO4PCA== Completed in 5ms
215 timing metavuln:cache:get:security-advisory:vite:1896PJFhctaSbXSFkEmazuMCQQkA1nbz5DrxHDHtiKB4X99Asbm7y1ZTlIkL5R9pEs7YC6gvIQ2ChVd58pkhtw== Completed in 5ms
216 timing metavuln:load:security-advisory:vite:2VXNT0aF/Oc+aljqzVZL+y7UYoRsun3f1sCqjauwt4R4X9DizyqvONZbNtH8U58EY1DnyPNR0Ul3cX6UkEWNqw== Completed in 6ms
217 timing metavuln:calculate:security-advisory:vite:2VXNT0aF/Oc+aljqzVZL+y7UYoRsun3f1sCqjauwt4R4X9DizyqvONZbNtH8U58EY1DnyPNR0Ul3cX6UkEWNqw== Completed in 11ms
218 timing metavuln:cache:get:security-advisory:tinyglobby:JbTUSH3GuHgnWPTwynmNc2XBjGvJ1kBIVuOXAIcVt2zAN9JAmGoGXkmSGRzahtsyELbqgzBAd3ywFXmJPwH9Ww== Completed in 12ms
219 http fetch GET 200 https://registry.npmjs.org/@clerk/shared/-/shared-3.47.5.tgz 2109ms (cache miss)
220 timing reifyNode:node_modules/@clerk/clerk-react/node_modules/@clerk/shared Completed in 2124ms
221 timing reify:unpack Completed in 2125ms
222 timing reify:unretire Completed in 0ms
223 timing build:queue Completed in 1ms
224 info run @clerk/shared@3.47.5 postinstall node_modules/@clerk/clerk-react/node_modules/@clerk/shared node ./scripts/postinstall.mjs
225 http fetch GET 200 https://registry.npmjs.org/fdir 136ms (cache revalidated)
226 timing metavuln:packument:fdir Completed in 137ms
227 timing metavuln:load:security-advisory:fdir:2VXNT0aF/Oc+aljqzVZL+y7UYoRsun3f1sCqjauwt4R4X9DizyqvONZbNtH8U58EY1DnyPNR0Ul3cX6UkEWNqw== Completed in 0ms
228 timing metavuln:calculate:security-advisory:fdir:2VXNT0aF/Oc+aljqzVZL+y7UYoRsun3f1sCqjauwt4R4X9DizyqvONZbNtH8U58EY1DnyPNR0Ul3cX6UkEWNqw== Completed in 138ms
229 http fetch GET 200 https://registry.npmjs.org/tinyglobby 195ms (cache revalidated)
230 timing metavuln:packument:tinyglobby Completed in 195ms
231 timing metavuln:load:security-advisory:tinyglobby:2VXNT0aF/Oc+aljqzVZL+y7UYoRsun3f1sCqjauwt4R4X9DizyqvONZbNtH8U58EY1DnyPNR0Ul3cX6UkEWNqw== Completed in 0ms
232 timing metavuln:calculate:security-advisory:tinyglobby:2VXNT0aF/Oc+aljqzVZL+y7UYoRsun3f1sCqjauwt4R4X9DizyqvONZbNtH8U58EY1DnyPNR0Ul3cX6UkEWNqw== Completed in 195ms
233 timing metavuln:cache:get:security-advisory:vite:anAQVIv9ku7SlSaOcqOIP5rn3R+PQqZRf2y4CHP3RuDjlGzMadSoRFi0ZZoT4by8hMtVpmy7xPCXBY2D5grCIA== Completed in 2ms
234 timing metavuln:load:security-advisory:vite:685RVq5xScaqegAXk2BRJrsMaZmsz1d/volUoA67iVw3AvHhUlX03u+VPRrmo8iuObcSDvuZF+fuiOnLC9L1uA== Completed in 4ms
235 timing metavuln:calculate:security-advisory:vite:685RVq5xScaqegAXk2BRJrsMaZmsz1d/volUoA67iVw3AvHhUlX03u+VPRrmo8iuObcSDvuZF+fuiOnLC9L1uA== Completed in 6ms
236 timing metavuln:cache:get:security-advisory:react-router-dom:ngBAMbRWHk/2+e+qEAN9nDCxcjzbqZgkWlxZslUmZLdmbEiEEWEEuUISuL8Ewyyjmg7bESqSPIrG2Si5S7dOJA== Completed in 3ms
237 info run @clerk/shared@3.47.5 postinstall { code: 0, signal: null }
238 timing build:run:postinstall:node_modules/@clerk/clerk-react/node_modules/@clerk/shared Completed in 145ms
239 timing build:run:postinstall Completed in 145ms
240 timing build:deps Completed in 147ms
241 timing build Completed in 147ms
242 timing reify:build Completed in 148ms
243 timing reify:trash Completed in 0ms
244 timing reify:save Completed in 64ms
245 http fetch GET 200 https://registry.npmjs.org/react-router-dom 122ms (cache revalidated)
246 timing metavuln:packument:react-router-dom Completed in 130ms
247 timing metavuln:load:security-advisory:react-router-dom:LL/m6KQnMVH198UOSw04JpHxqJ4/ZhjExD0c/Huo6Fmskdm1ZfZJ879lKoThHmVkLX7jfV+Xn5a2Bn2h7bM+tA== Completed in 6ms
248 timing metavuln:calculate:security-advisory:react-router-dom:LL/m6KQnMVH198UOSw04JpHxqJ4/ZhjExD0c/Huo6Fmskdm1ZfZJ879lKoThHmVkLX7jfV+Xn5a2Bn2h7bM+tA== Completed in 137ms
249 timing metavuln:cache:get:security-advisory:vite:SaJWDd5gEEZd3lHg31QWzLWgMkCzYHn5RvntQLmOGssdx9DgqFp1CHRkx1q//bJjITqFeBtPANooZCY8TRvk8g== Completed in 2ms
250 timing metavuln:load:security-advisory:vite:j57+QiunRUdD0cUD+SOC+z9ahAKAX/ORqNrS8xn5EMmMoVNjDT6jDQ8+1zJZRvVKgeAjbBSmjAgyimjwq9Hhfg== Completed in 3ms
251 timing metavuln:calculate:security-advisory:vite:j57+QiunRUdD0cUD+SOC+z9ahAKAX/ORqNrS8xn5EMmMoVNjDT6jDQ8+1zJZRvVKgeAjbBSmjAgyimjwq9Hhfg== Completed in 5ms
252 timing metavuln:cache:get:security-advisory:@tailwindcss/oxide:gXf7YVtOX9pUYDKcSETXM+JiqSdrXz5Nre6tmgNFzC6vUNyWu7R4OPEEFAzwF9QVMcRD173pS8nhfSGcomwrkw== Completed in 1ms
253 http fetch GET 200 https://registry.npmjs.org/@tailwindcss%2foxide 346ms (cache revalidated)
254 timing metavuln:packument:@tailwindcss/oxide Completed in 386ms
255 timing metavuln:load:security-advisory:@tailwindcss/oxide:yTPyur4X3lE39v7zdkE15v05LuZzee3Nh2S9FBJ4PraCijRulUq0MlWeW5nvqHC+T3FKxfh/RgcTEGjH+N98dA== Completed in 19ms
256 timing metavuln:calculate:security-advisory:@tailwindcss/oxide:yTPyur4X3lE39v7zdkE15v05LuZzee3Nh2S9FBJ4PraCijRulUq0MlWeW5nvqHC+T3FKxfh/RgcTEGjH+N98dA== Completed in 406ms
257 timing metavuln:cache:get:security-advisory:@vitejs/plugin-react:9QIXid7vHYqWUbt9qv4qzy8uYLzUu2/GYyo7g5PoqY0qoBumK4m1C24BBOneHNSL9JQyFbTyEKGklQD2llvhSg== Completed in 12ms
258 timing metavuln:cache:get:security-advisory:@tailwindcss/vite:GwOC3sJuJCmalZ+Qn5kyLcpP+xLtR6uengNlRCzuooI9K9wQacRGbxpqoHkRnmaFE7ldWHPXidoFIMfxnu7YZw== Completed in 13ms
259 http fetch GET 200 https://registry.npmjs.org/@vitejs%2fplugin-react 158ms (cache revalidated)
260 timing metavuln:packument:@vitejs/plugin-react Completed in 159ms
261 timing metavuln:load:security-advisory:@vitejs/plugin-react:YKZN1cuK0pxcyIP3QXJZO734e2Qjk40j3+OYQl4HmvWqf3wNiu52G0d2+mIMZQml5XDCaqy2lJgHKYY4I1XsHQ== Completed in 0ms
262 timing metavuln:calculate:security-advisory:@vitejs/plugin-react:YKZN1cuK0pxcyIP3QXJZO734e2Qjk40j3+OYQl4HmvWqf3wNiu52G0d2+mIMZQml5XDCaqy2lJgHKYY4I1XsHQ== Completed in 159ms
263 http fetch GET 200 https://registry.npmjs.org/@tailwindcss%2fvite 164ms (cache revalidated)
264 timing metavuln:packument:@tailwindcss/vite Completed in 172ms
265 timing metavuln:load:security-advisory:@tailwindcss/vite:YKZN1cuK0pxcyIP3QXJZO734e2Qjk40j3+OYQl4HmvWqf3wNiu52G0d2+mIMZQml5XDCaqy2lJgHKYY4I1XsHQ== Completed in 4ms
266 timing metavuln:calculate:security-advisory:@tailwindcss/vite:YKZN1cuK0pxcyIP3QXJZO734e2Qjk40j3+OYQl4HmvWqf3wNiu52G0d2+mIMZQml5XDCaqy2lJgHKYY4I1XsHQ== Completed in 176ms
267 timing auditReport:init Completed in 2668ms
268 timing reify:audit Completed in 2998ms
269 timing reify Completed in 6855ms
270 silly ADD node_modules/swr
271 silly ADD node_modules/@clerk/clerk-react
272 silly ADD node_modules/@clerk/clerk-react/node_modules/@clerk/shared
273 timing command:install Completed in 6958ms
274 verbose exit 0
275 timing npm Completed in 7557ms
276 info ok
