0 verbose cli C:\Program Files\nodejs\node.exe C:\Users\Rakesh\AppData\Roaming\npm\node_modules\npm\bin\npm-cli.js
1 info using npm@9.9.4
2 info using node@v22.13.1
3 timing npm:load:whichnode Completed in 4ms
4 timing config:load:defaults Completed in 3ms
5 timing config:load:file:C:\Users\Rakesh\AppData\Roaming\npm\node_modules\npm\npmrc Completed in 5ms
6 timing config:load:builtin Completed in 5ms
7 timing config:load:cli Completed in 2ms
8 timing config:load:env Completed in 1ms
9 timing config:load:file:F:\Project-Management\client\.npmrc Completed in 1ms
10 timing config:load:project Completed in 2ms
11 timing config:load:file:C:\Users\Rakesh\.npmrc Completed in 1ms
12 timing config:load:user Completed in 1ms
13 timing config:load:file:C:\Users\Rakesh\AppData\Roaming\npm\etc\npmrc Completed in 0ms
14 timing config:load:global Completed in 0ms
15 timing config:load:setEnvs Completed in 1ms
16 timing config:load Completed in 15ms
17 timing npm:load:configload Completed in 16ms
18 timing config:load:flatten Completed in 3ms
19 timing npm:load:mkdirpcache Completed in 0ms
20 timing npm:load:mkdirplogs Completed in 1ms
21 verbose title npm run start
22 verbose argv "run" "start"
23 timing npm:load:setTitle Completed in 1ms
24 timing npm:load:display Completed in 1ms
25 verbose logfile logs-max:10 dir:F:\Project-Management\client\.npm-cache\_logs\2026-05-19T05_04_09_477Z-
26 verbose logfile F:\Project-Management\client\.npm-cache\_logs\2026-05-19T05_04_09_477Z-debug-0.log
27 timing npm:load:logFile Completed in 11ms
28 timing npm:load:timers Completed in 0ms
29 timing npm:load:configScope Completed in 0ms
30 timing npm:load Completed in 49ms
31 silly logfile done cleaning log files
32 timing command:run Completed in 15ms
33 verbose stack Error: Missing script: "start"
33 verbose stack
33 verbose stack Did you mean one of these?
33 verbose stack     npm star # Mark your favorite packages
33 verbose stack     npm stars # View packages marked as favorites
33 verbose stack
33 verbose stack To see a list of scripts, run:
33 verbose stack   npm run
33 verbose stack     at RunScript.run (C:\Users\Rakesh\AppData\Roaming\npm\node_modules\npm\lib\commands\run-script.js:94:13)
33 verbose stack     at async module.exports (C:\Users\Rakesh\AppData\Roaming\npm\node_modules\npm\lib\cli-entry.js:61:5)
34 verbose cwd F:\Project-Management\client
35 verbose Windows_NT 10.0.26200
36 verbose node v22.13.1
37 verbose npm  v9.9.4
38 error Missing script: "start"
38 error
38 error Did you mean one of these?
38 error     npm star # Mark your favorite packages
38 error     npm stars # View packages marked as favorites
38 error
38 error To see a list of scripts, run:
38 error   npm run
39 verbose exit 1
40 timing npm Completed in 181ms
41 verbose code 1
42 error A complete log of this run can be found in: F:\Project-Management\client\.npm-cache\_logs\2026-05-19T05_04_09_477Z-debug-0.log
